Running all tests...
==========================================================================================
Running tests.test_ability
test_base_setter_updates_score_and_modifier (tests.test_ability.TestAbility.test_base_setter_updates_score_and_modifier) ... ok
test_initialization_custom_score (tests.test_ability.TestAbility.test_initialization_custom_score) ... ok
test_initialization_defaults (tests.test_ability.TestAbility.test_initialization_defaults) ... ok
test_score_limits (tests.test_ability.TestAbility.test_score_limits) ... ok
test_score_setter_updates_modifier (tests.test_ability.TestAbility.test_score_setter_updates_modifier) ... ok

----------------------------------------------------------------------
Ran 5 tests in 0.000s

OK
==========================================================================================
==========================================================================================
Running tests.test_character
test_character_initialization (tests.test_character.CharacterTests.test_character_initialization) ... ok
test_modifiers (tests.test_character.CharacterTests.test_modifiers) ... ok
test_set_get_character_class (tests.test_character.CharacterTests.test_set_get_character_class) ... ok
test_set_race (tests.test_character.CharacterTests.test_set_race) ... ok

----------------------------------------------------------------------
Ran 4 tests in 0.000s

OK
==========================================================================================
==========================================================================================
Running tests.test_races
test_dwarf_ability_bonuses_and_abilities (tests.test_races.TestRaces.test_dwarf_ability_bonuses_and_abilities) ... ok
test_elf_ability_bonuses_and_abilities (tests.test_races.TestRaces.test_elf_ability_bonuses_and_abilities) ... ok
test_get_race (tests.test_races.TestRaces.test_get_race) ... ok
test_human_ability_bonuses (tests.test_races.TestRaces.test_human_ability_bonuses) ... ok

----------------------------------------------------------------------
Ran 4 tests in 0.000s

OK
==========================================================================================
All tests finished.
